C:\Users\Jr\Saved Games\sistema-financas\SistemaPlanejaGo\src\main\java\com\mycompany\sistemaplanejago\componentes\ActionButtons\ActionButton.java
C:\Users\Jr\Saved Games\sistema-financas\SistemaPlanejaGo\src\main\java\com\mycompany\sistemaplanejago\componentes\ActionButtons\TableActionCellEditor.java
C:\Users\Jr\Saved Games\sistema-financas\SistemaPlanejaGo\src\main\java\com\mycompany\sistemaplanejago\componentes\ActionButtons\TableActionCellRender.java
C:\Users\Jr\Saved Games\sistema-financas\SistemaPlanejaGo\src\main\java\com\mycompany\sistemaplanejago\componentes\ActionButtons\TableActionEvent.java
C:\Users\Jr\Saved Games\sistema-financas\SistemaPlanejaGo\src\main\java\com\mycompany\sistemaplanejago\componentes\SwitchButton\EvaluatorColor.java
C:\Users\Jr\Saved Games\sistema-financas\SistemaPlanejaGo\src\main\java\com\mycompany\sistemaplanejago\componentes\SwitchButton\SwitchButton.java
C:\Users\Jr\Saved Games\sistema-financas\SistemaPlanejaGo\src\main\java\com\mycompany\sistemaplanejago\componentes\SwitchButton\SwitchButtonCellEditor.java
C:\Users\Jr\Saved Games\sistema-financas\SistemaPlanejaGo\src\main\java\com\mycompany\sistemaplanejago\componentes\SwitchButton\SwitchButtonCellRenderer.java
C:\Users\Jr\Saved Games\sistema-financas\SistemaPlanejaGo\src\main\java\com\mycompany\sistemaplanejago\componentes\SwitchButton\SwitchListener.java
C:\Users\Jr\Saved Games\sistema-financas\SistemaPlanejaGo\src\main\java\com\mycompany\sistemaplanejago\controller\LancamentoController.java
C:\Users\Jr\Saved Games\sistema-financas\SistemaPlanejaGo\src\main\java\com\mycompany\sistemaplanejago\controller\UsuarioController.java
C:\Users\Jr\Saved Games\sistema-financas\SistemaPlanejaGo\src\main\java\com\mycompany\sistemaplanejago\dao\CategoriaDAO.java
C:\Users\Jr\Saved Games\sistema-financas\SistemaPlanejaGo\src\main\java\com\mycompany\sistemaplanejago\dao\CentroCustoDAO.java
C:\Users\Jr\Saved Games\sistema-financas\SistemaPlanejaGo\src\main\java\com\mycompany\sistemaplanejago\dao\ConexaoBD.java
C:\Users\Jr\Saved Games\sistema-financas\SistemaPlanejaGo\src\main\java\com\mycompany\sistemaplanejago\dao\FrequenciaDAO.java
C:\Users\Jr\Saved Games\sistema-financas\SistemaPlanejaGo\src\main\java\com\mycompany\sistemaplanejago\dao\LancamentoDAO.java
C:\Users\Jr\Saved Games\sistema-financas\SistemaPlanejaGo\src\main\java\com\mycompany\sistemaplanejago\dao\UsuarioDAO.java
C:\Users\Jr\Saved Games\sistema-financas\SistemaPlanejaGo\src\main\java\com\mycompany\sistemaplanejago\model\Categoria.java
C:\Users\Jr\Saved Games\sistema-financas\SistemaPlanejaGo\src\main\java\com\mycompany\sistemaplanejago\model\CentroCusto.java
C:\Users\Jr\Saved Games\sistema-financas\SistemaPlanejaGo\src\main\java\com\mycompany\sistemaplanejago\model\Frequencia.java
C:\Users\Jr\Saved Games\sistema-financas\SistemaPlanejaGo\src\main\java\com\mycompany\sistemaplanejago\model\Lancamento.java
C:\Users\Jr\Saved Games\sistema-financas\SistemaPlanejaGo\src\main\java\com\mycompany\sistemaplanejago\model\TipoLancamento.java
C:\Users\Jr\Saved Games\sistema-financas\SistemaPlanejaGo\src\main\java\com\mycompany\sistemaplanejago\model\Usuario.java
C:\Users\Jr\Saved Games\sistema-financas\SistemaPlanejaGo\src\main\java\com\mycompany\sistemaplanejago\SistemaPlanejaGo.java
C:\Users\Jr\Saved Games\sistema-financas\SistemaPlanejaGo\src\main\java\com\mycompany\sistemaplanejago\view\DespesaForm.java
C:\Users\Jr\Saved Games\sistema-financas\SistemaPlanejaGo\src\main\java\com\mycompany\sistemaplanejago\view\LacamentoPrevia.java
C:\Users\Jr\Saved Games\sistema-financas\SistemaPlanejaGo\src\main\java\com\mycompany\sistemaplanejago\view\ReceitaForm.java
C:\Users\Jr\Saved Games\sistema-financas\SistemaPlanejaGo\src\main\java\com\mycompany\sistemaplanejago\view\TelaAbertura.java
C:\Users\Jr\Saved Games\sistema-financas\SistemaPlanejaGo\src\main\java\com\mycompany\sistemaplanejago\view\TelaCadastro.java
C:\Users\Jr\Saved Games\sistema-financas\SistemaPlanejaGo\src\main\java\com\mycompany\sistemaplanejago\view\TelaLancamento.java
C:\Users\Jr\Saved Games\sistema-financas\SistemaPlanejaGo\src\main\java\com\mycompany\sistemaplanejago\view\TelaLogin.java
C:\Users\Jr\Saved Games\sistema-financas\SistemaPlanejaGo\src\main\java\com\mycompany\sistemaplanejago\view\TelaRelatorios.java
